// Jest Snapshot v1, https://goo.gl/fbAQLP

exports[`BarChart BarChart matches snapshot 1`] = `
<div
  className="MuiBox-root css-0"
  data-testid="barChart"
>
  <canvas
    height={150}
    role="img"
    width={300}
  />
</div>
`;
