// Jest Snapshot v1, https://goo.gl/fbAQLP

exports[`BecomePromoterBanner BecomePromoterBanner matches snapshot 1`] = `
<div
  className="MuiPaper-root MuiPaper-elevation MuiPaper-rounded MuiPaper-elevation3 css-2plwtp-MuiPaper-root"
  data-testid="becomePromoterBanner"
>
  <div
    className="MuiBox-root css-19ccq3k"
  >
    <img
      alt=""
      height={300}
      src="promoter.jpg"
    />
  </div>
  <div
    className="MuiBox-root css-14a5gor"
  >
    <p
      className="MuiTypography-root MuiTypography-body1 css-clv7s8-MuiTypography-root"
    >
      Become a promoter
    </p>
    <p
      className="MuiTypography-root MuiTypography-body1 css-1pohf7y-MuiTypography-root"
    >
      & earn money
    </p>
    <p
      className="MuiTypography-root MuiTypography-body1 css-gtcsjv-MuiTypography-root"
    >
      If you want to become a promoter, first you need to complete the promoter survey...!
    </p>
    <div
      className="MuiBox-root css-1ebprri"
    >
      <div
        className="css-e53awj-MuiStack-root"
      >
        <button
          className="MuiButtonBase-root MuiButton-root MuiButton-contained MuiButton-containedPrimary MuiButton-sizeMedium MuiButton-containedSizeMedium MuiButton-root MuiButton-contained MuiButton-containedPrimary MuiButton-sizeMedium MuiButton-containedSizeMedium css-gx9rqm-MuiButtonBase-root-MuiButton-root"
          data-testid="becomePromoterBanner-btn-1"
          disabled={false}
          onBlur={[Function]}
          onClick={[Function]}
          onContextMenu={[Function]}
          onDragLeave={[Function]}
          onFocus={[Function]}
          onKeyDown={[Function]}
          onKeyUp={[Function]}
          onMouseDown={[Function]}
          onMouseLeave={[Function]}
          onMouseUp={[Function]}
          onTouchEnd={[Function]}
          onTouchMove={[Function]}
          onTouchStart={[Function]}
          tabIndex={0}
          type="button"
        >
          <span
            className="MuiButton-startIcon MuiButton-iconSizeMedium css-1d6wzja-MuiButton-startIcon"
          >
            <svg
              aria-hidden={true}
              className="MuiSvgIcon-root MuiSvgIcon-fontSizeMedium css-i4bv87-MuiSvgIcon-root"
              data-testid="PollIcon"
              focusable="false"
              viewBox="0 0 24 24"
            >
              <path
                d="M19 3H5c-1.1 0-2 .9-2 2v14c0 1.1.9 2 2 2h14c1.1 0 2-.9 2-2V5c0-1.1-.9-2-2-2zM9 17H7v-7h2v7zm4 0h-2V7h2v10zm4 0h-2v-4h2v4z"
              />
            </svg>
          </span>
          Take the Survay
        </button>
        <button
          className="MuiButtonBase-root MuiButton-root MuiButton-contained MuiButton-containedSecondary MuiButton-sizeMedium MuiButton-containedSizeMedium MuiButton-root MuiButton-contained MuiButton-containedSecondary MuiButton-sizeMedium MuiButton-containedSizeMedium css-ztba17-MuiButtonBase-root-MuiButton-root"
          data-testid="becomePromoterBanner-btn-2"
          disabled={false}
          onBlur={[Function]}
          onClick={[Function]}
          onContextMenu={[Function]}
          onDragLeave={[Function]}
          onFocus={[Function]}
          onKeyDown={[Function]}
          onKeyUp={[Function]}
          onMouseDown={[Function]}
          onMouseLeave={[Function]}
          onMouseUp={[Function]}
          onTouchEnd={[Function]}
          onTouchMove={[Function]}
          onTouchStart={[Function]}
          tabIndex={0}
          type="button"
        >
          <span
            className="MuiButton-startIcon MuiButton-iconSizeMedium css-1d6wzja-MuiButton-startIcon"
          >
            <svg
              aria-hidden={true}
              className="MuiSvgIcon-root MuiSvgIcon-fontSizeMedium css-i4bv87-MuiSvgIcon-root"
              data-testid="WorkHistoryIcon"
              focusable="false"
              viewBox="0 0 24 24"
            >
              <path
                d="M18 11c1.49 0 2.87.47 4 1.26V8c0-1.11-.89-2-2-2h-4V4c0-1.11-.89-2-2-2h-4c-1.11 0-2 .89-2 2v2H4c-1.11 0-1.99.89-1.99 2L2 19c0 1.11.89 2 2 2h7.68c-.43-.91-.68-1.92-.68-3 0-3.87 3.13-7 7-7zm-8-7h4v2h-4V4z"
              />
              <path
                d="M18 13c-2.76 0-5 2.24-5 5s2.24 5 5 5 5-2.24 5-5-2.24-5-5-5zm1.65 7.35L17.5 18.2V15h1v2.79l1.85 1.85-.7.71z"
              />
            </svg>
          </span>
          View Jobs
        </button>
      </div>
    </div>
  </div>
</div>
`;
